
Clover EFI installer log - Thu Apr 12 06:13:19 PDT 2018
Installer version: v2.4k r4436 EFI bootloader
======================================================
/dev/disk0 (external, physical):
   #:                       TYPE NAME                    SIZE       IDENTIFIER
   0:      GUID_partition_scheme                        *32.0 GB    disk0
   1:                        EFI EFI                     209.7 MB   disk0s1
   2:                  Apple_HFS Install macOS Sierra    31.7 GB    disk0s2

/dev/disk1 (internal, physical):
   #:                       TYPE NAME                    SIZE       IDENTIFIER
   0:      GUID_partition_scheme                        *320.1 GB   disk1
   1:                        EFI EFI                     209.7 MB   disk1s1
   2:                  Apple_HFS Macintosh HD            159.9 GB   disk1s2
   3:                 Apple_Boot Recovery HD             650.0 MB   disk1s3
   4:                  Apple_HFS El Capitan              79.3 GB    disk1s4
   5:                 Apple_Boot Recovery HD             650.0 MB   disk1s5
   6:                  Apple_HFS Sierra                  78.7 GB    disk1s6
   7:                 Apple_Boot Recovery HD             650.0 MB   disk1s7

======================================================
Backing up EFI files

Backing up stage2 file /Volumes/Sierra/EFIROOTDIR/boot  to /Volumes/Sierra/EFI-Backups/r4429/2018-04-12-06h13/boot
Backing up /Volumes/Sierra/EFIROOTDIR/EFI folder to /Volumes/Sierra/EFI-Backups/r4429/2018-04-12-06h13/EFI
No Active Partition

Stage 0 - Writting boot0af to /dev/disk1
//usr/local/bin/fdisk440 -u -f //usr/standalone/i386/boot0af -y /dev/disk1

Stage 1 - Writting boot1f32 to /dev/rdisk1s1
dd if=/dev/rdisk1s1 count=1 bs=512 of=/tmp/origbs
boot volume format is FAT32
cp /tmp/boot1f32 /tmp/newbs
dd if=/tmp/origbs of=/tmp/newbs skip=3 seek=3 bs=1 count=87 conv=notrunc
dd if=/tmp/newbs of=/dev/rdisk1s1

Stage 2 - Written boot6 (x64) to /Volumes/EFI/boot

Theme 'dev' (defined in config.plist) not found !
Using default theme 'Dev'
======================================================
=========== Clover EFI Installation Finish ===========
======================================================
